
R version 3.6.0 (2019-04-26) -- "Planting of a Tree"
Copyright (C) 2019 The R Foundation for Statistical Computing
Platform: x86_64-w64-mingw32/x64 (64-bit)

R is free software and comes with ABSOLUTELY NO WARRANTY.
You are welcome to redistribute it under certain conditions.
Type 'license()' or 'licence()' for distribution details.

  Natural language support but running in an English locale

R is a collaborative project with many contributors.
Type 'contributors()' for more information and
'citation()' on how to cite R or R packages in publications.

Type 'demo()' for some demos, 'help()' for on-line help, or
'help.start()' for an HTML browser interface to help.
Type 'q()' to quit R.

> ###################################################
> # Individual Empirical Analyses and Simulations
> ##################################################
> 
> # Control Box
> 
> # number of simulated trait datasets to do for simulated-trait runs
> nSimTrait <- 10
> 
> # error for run with mis-specified prior on sigmasq in a pure-BM model
> 	# the mean of the normal prior is multiplied by this value
> 	# 100 = mean of rate prior is off by two orders of magnitude!
> ratePriorError <- 100
> 
> # root age for idealized simulated trees from time=0
> 	# similar to Anolis root depth (51.49056)
> idealTreeDepth <- 50    
> 
> # simulation resolution
> 	# recc default is 1000
> generation.time <- 200000 
> 
> # control parameters for multicore and simulation resolution
> multicore <- TRUE 
> coreLimit <- 6
> 
> # control parameters for MCMC / ABC
> nRuns <- 1            		  # use 2 - recc default is 2 (for testing, use 1)
> nStepsPRC <- 2        		  # use 5 - recc default is 5 (for testing, use 2)
> numParticles <- 5 			  # use 300 - recc default is 300 (for testing, use 5)
> nInitialSimsPerParam <- 10 	  # use 100 - recc default is 100 (for testing, use 10)
> nInitialSims <- 5			  # use NULL - recc default is NULL-ie 100 per param (for testing, use 5)
> 
> #### miscellaneous controls
> # save data during runs?
> saveData <- FALSE
> # print out progress to terminal?
> verboseParticles <- FALSE
> 
> ###########################
> # FOR CONTINUING FROM A PREVIOUS TEST
> # (...if output from previous analyses exist at all)
> continueFromPrevious <- TRUE
> 
> source(
+ 	"~/treevo_paper/analyses/simulations_framework_script.R"
+ 	)
TreEvo Version Used: 0.21.0
ape Version Used: 5.3
The following OTUs (24) on the Anolis tree do not appear to
 have size data and thus will be dropped: 
 podocarpus, anoriensis, otongae, poei, euskalerriari, inderenae,
 anatoloros, cymbops, pseudopachypus, forbesi, mestrei, guafe, aurifer,
 vinosus, alayoni, oporinus, cyanopleurus, alfaroi, darlingtoni,
 singularis, Pmarmoratus, Bplumifrons, Ugallardoi, Pscapulatus
##############################
######### Beginning Analyses ############
Loading output file from previous run...
###############################################
#########  Independent Analyses  ##############
#############################################
#########  Dependent Analyses  ##############
#####################################
######   Now running -- Ideal_SimBM_Disp  ##########
Performing 90 analyses for 3 simulated 'idealized' phylogeny classes, with 3 sets of tip values each,
    and 10 simulate trait datasets for each tree.
Simulating 10 trait datasets on 9 phylogenies...
   (...This may take a while...)   
