
R version 3.6.0 (2019-04-26) -- "Planting of a Tree"
Copyright (C) 2019 The R Foundation for Statistical Computing
Platform: x86_64-w64-mingw32/x64 (64-bit)

R is free software and comes with ABSOLUTELY NO WARRANTY.
You are welcome to redistribute it under certain conditions.
Type 'license()' or 'licence()' for distribution details.

  Natural language support but running in an English locale

R is a collaborative project with many contributors.
Type 'contributors()' for more information and
'citation()' on how to cite R or R packages in publications.

Type 'demo()' for some demos, 'help()' for on-line help, or
'help.start()' for an HTML browser interface to help.
Type 'q()' to quit R.

> ###################################################
> # Individual Empirical Analyses and Simulations
> ##################################################
> 
> # Control Box
> 
> # number of simulated trait datasets to do for simulated-trait runs
> nSimTrait <- 10
> 
> # error for run with mis-specified prior on sigmasq in a pure-BM model
> 	# the mean of the normal prior is multiplied by this value
> 	# 100 = mean of rate prior is off by two orders of magnitude!
> ratePriorError <- 100
> 
> # root age for idealized simulated trees from time=0
> 	# similar to Anolis root depth (51.49056)
> idealTreeDepth <- 50    
> 
> # simulation resolution
> 	# recc default is 1000
> generation.time <- 200000 
> 
> # control parameters for multicore and simulation resolution
> multicore <- TRUE 
> coreLimit <- 6
> 
> # control parameters for MCMC / ABC
> nRuns <- 1            		  # use 2 - recc default is 2 (for testing, use 1)
> nStepsPRC <- 2        		  # use 5 - recc default is 5 (for testing, use 2)
> numParticles <- 5 			  # use 300 - recc default is 300 (for testing, use 5)
> nInitialSimsPerParam <- 10 	  # use 100 - recc default is 100 (for testing, use 10)
> nInitialSims <- 5			  # use NULL - recc default is NULL-ie 100 per param (for testing, use 5)
> 
> #### miscellaneous controls
> # save data during runs?
> saveData <- FALSE
> # print out progress to terminal?
> verboseParticles <- FALSE
> 
> ###########################
> # FOR CONTINUING FROM A PREVIOUS TEST
> # (...if output from previous analyses exist at all)
> continueFromPrevious <- TRUE
> 
> source(
+ 	"~/treevo_paper/analyses/simulations_framework_script.R"
+ 	)
The following OTUs (24) on the Anolis tree do not appear to
 have size data and thus will be dropped: 
podocarpus, anoriensis, otongae, poei, euskalerriari, inderenae,The following OTUs (24) on the Anolis tree do not appear to
 have size data and thus will be dropped: 
anatoloros, cymbops, pseudopachypus, forbesi, mestrei, guafe, aurifer,The following OTUs (24) on the Anolis tree do not appear to
 have size data and thus will be dropped: 
vinosus, alayoni, oporinus, cyanopleurus, alfaroi, darlingtoni,The following OTUs (24) on the Anolis tree do not appear to
 have size data and thus will be dropped: 
singularis, Pmarmoratus, Bplumifrons, Ugallardoi, Pscapulatus
##############################
######### Beginning Analyses ############
No output files from previous runs found
Beginning analyses without loading any previous output file...
###############################################
#########  Independent Analyses  ##############
#######################################
######   Now running -- An_Emp_DispBound  #########
Performing  an single analysis with the empirical Anolis phylogeny,
   and empirical Anolis size trait data.
The effective timeStep for this tree will be 0.0039,
     as a proportion of tree height (root to furthest tip)...
Rescaling edge lengths relative to maximum tip-to-root distance...
The smallest edge length on the input tree is 0.00083
   (This is 43000 in the same TreeYears units
      as used for the input generation.time ( = 2e+05))
Given generation time, a total of 25063 generations are
     expected to occur over this tree
Number of initial simulations set to 5
Doing initial simulations...
Initial simulations took 82.08 seconds
Finding distribution of distances...
Beginning partial rejection control algorithm...
Collection of simulation particles under PRC completed in 1800 seconds...
Function completed in 2100 seconds.
#######################################
######   Now running -- An_Emp_Bound  #########
Performing  an single analysis with the empirical Anolis phylogeny,
   and empirical Anolis size trait data.
The effective timeStep for this tree will be 0.0039,
     as a proportion of tree height (root to furthest tip)...
Rescaling edge lengths relative to maximum tip-to-root distance...
The smallest edge length on the input tree is 0.00083
   (This is 43000 in the same TreeYears units
      as used for the input generation.time ( = 2e+05))
Given generation time, a total of 25063 generations are
     expected to occur over this tree
Number of initial simulations set to 5
Doing initial simulations...
Initial simulations took 47.19 seconds
Finding distribution of distances...
Beginning partial rejection control algorithm...
Collection of simulation particles under PRC completed in 79 seconds...
Function completed in 220 seconds.
#######################################
######   Now running -- An_Emp_BrownMotion  #########
Performing  an single analysis with the empirical Anolis phylogeny,
   and empirical Anolis size trait data.
The effective timeStep for this tree will be 0.0039,
     as a proportion of tree height (root to furthest tip)...
Rescaling edge lengths relative to maximum tip-to-root distance...
The smallest edge length on the input tree is 0.00083
   (This is 43000 in the same TreeYears units
      as used for the input generation.time ( = 2e+05))
Given generation time, a total of 25063 generations are
     expected to occur over this tree
Number of initial simulations set to 5
Doing initial simulations...
Initial simulations took 35.58 seconds
Finding distribution of distances...
Beginning partial rejection control algorithm...
Collection of simulation particles under PRC completed in 190 seconds...
Function completed in 300 seconds.
#######################################
######   Now running -- An_Emp_Disp  #########
Performing  an single analysis with the empirical Anolis phylogeny,
   and empirical Anolis size trait data.
The effective timeStep for this tree will be 0.0039,
     as a proportion of tree height (root to furthest tip)...
Rescaling edge lengths relative to maximum tip-to-root distance...
The smallest edge length on the input tree is 0.00083
   (This is 43000 in the same TreeYears units
      as used for the input generation.time ( = 2e+05))
Given generation time, a total of 25063 generations are
     expected to occur over this tree
Number of initial simulations set to 5
Doing initial simulations...
Initial simulations took 76.3 seconds
Finding distribution of distances...
Beginning partial rejection control algorithm...
Collection of simulation particles under PRC completed in 250 seconds...
Function completed in 480 seconds.
#######################################
######   Now running -- An_Emp_TimeReg  #########
Performing  an single analysis with the empirical Anolis phylogeny,
   and empirical Anolis size trait data.
The effective timeStep for this tree will be 0.0039,
     as a proportion of tree height (root to furthest tip)...
Rescaling edge lengths relative to maximum tip-to-root distance...
The smallest edge length on the input tree is 0.00083
   (This is 43000 in the same TreeYears units
      as used for the input generation.time ( = 2e+05))
Given generation time, a total of 25063 generations are
     expected to occur over this tree
Number of initial simulations set to 5
Doing initial simulations...
Initial simulations took 35.51 seconds
Finding distribution of distances...
Beginning partial rejection control algorithm...
Collection of simulation particles under PRC completed in 160 seconds...
Function completed in 270 seconds.
#######################################
######   Now running -- Aq_Emp_3Opt2Bound  #########
Performing  an single analysis with the empirical Aquilegia phylogeny,
   and empirical Aquilegia Nectar Spur trait data.
The effective timeStep for this tree will be 0.065,
     as a proportion of tree height (root to furthest tip)...
Rescaling edge lengths relative to maximum tip-to-root distance...
The smallest edge length on the input tree is 0.0043
   (This is 13000 in the same TreeYears units
      as used for the input generation.time ( = 2e+05))
Given generation time, a total of 228 generations are
     expected to occur over this tree
Number of initial simulations set to 5
Doing initial simulations...
Initial simulations took 4.32 seconds
Finding distribution of distances...
Beginning partial rejection control algorithm...
Collection of simulation particles under PRC completed in 5.1 seconds...
Function completed in 15 seconds.
#######################################
######   Now running -- Aq_Emp_BrownMotion  #########
Performing  an single analysis with the empirical Aquilegia phylogeny,
   and empirical Aquilegia Nectar Spur trait data.
The effective timeStep for this tree will be 0.065,
     as a proportion of tree height (root to furthest tip)...
Rescaling edge lengths relative to maximum tip-to-root distance...
The smallest edge length on the input tree is 0.0043
   (This is 13000 in the same TreeYears units
      as used for the input generation.time ( = 2e+05))
Given generation time, a total of 228 generations are
     expected to occur over this tree
Number of initial simulations set to 5
Doing initial simulations...
Initial simulations took 4.3 seconds
Finding distribution of distances...
Beginning partial rejection control algorithm...
Collection of simulation particles under PRC completed in 4.9 seconds...
Function completed in 15 seconds.
#############################################
#########  Dependent Analyses  ##############
#####################################
######   Now running -- An_SimDispBound_DispBound  ##########
Performing 10 analyses on the empirical Anolis phylogeny, with 10 seperately-simulated trait datasets.
Error in taxonDF[[whichStatesCol]][which(taxonDF$startTime == 0)] <- startingValues : 
  replacement has length zero
Calls: source ... runAnalysis -> doSimulation -> doSimulationInternal
In addition: Warning messages:
1: In doRun_prc(phy = treeToUse, traits = traitDataToUseForThisRun,  :
  Tree has rescaled branches shorter than generation.time/TreeYears
    No trait evolution will be simulated on these branches and
    thus ML summary statistic functions may fail or produce unexpected results.
2: In doRun_prc(phy = treeToUse, traits = traitDataToUseForThisRun,  :
  Tree has rescaled branches shorter than generation.time/TreeYears
    No trait evolution will be simulated on these branches and
    thus ML summary statistic functions may fail or produce unexpected results.
3: In doRun_prc(phy = treeToUse, traits = traitDataToUseForThisRun,  :
  Tree has rescaled branches shorter than generation.time/TreeYears
    No trait evolution will be simulated on these branches and
    thus ML summary statistic functions may fail or produce unexpected results.
4: In doRun_prc(phy = treeToUse, traits = traitDataToUseForThisRun,  :
  Tree has rescaled branches shorter than generation.time/TreeYears
    No trait evolution will be simulated on these branches and
    thus ML summary statistic functions may fail or produce unexpected results.
5: In doRun_prc(phy = treeToUse, traits = traitDataToUseForThisRun,  :
  Tree has rescaled branches shorter than generation.time/TreeYears
    No trait evolution will be simulated on these branches and
    thus ML summary statistic functions may fail or produce unexpected results.
6: In doRun_prc(phy = treeToUse, traits = traitDataToUseForThisRun,  :
  Tree has rescaled branches shorter than generation.time/TreeYears
    No trait evolution will be simulated on these branches and
    thus ML summary statistic functions may fail or produce unexpected results.
7: In doRun_prc(phy = treeToUse, traits = traitDataToUseForThisRun,  :
  Tree has rescaled branches shorter than generation.time/TreeYears
    No trait evolution will be simulated on these branches and
    thus ML summary statistic functions may fail or produce unexpected results.
8: In doSimulation(phy = treeList[[tree_i]], intrinsicFn = simTraitIntrinsicArgs$intrinsicFn,  :
  You have only 10 timeSteps on the shortest branch in this dataset
 but should probably have a lot more if you expect change on this branch.
 Please consider decreasing timeStep to no more than 0.00085
Execution halted
